(function () {
// Source: src/test/resources/templates/a.hbs

  var template = Handlebars.template({"compiler":[6,">= 2.0.0-beta.1"],"main":function(depth0,helpers,partials,data) {
    return "I'm template a.\nHello "
    + this.escapeExpression(this.lambda(depth0, depth0))
    + "!";
},"useData":true});
  var templates = Handlebars.templates = Handlebars.templates || {};
  templates['a'] = template;
  var partials = Handlebars.partials = Handlebars.partials || {};
  partials['a'] = template;


// Source: src/test/resources/templates/c.hbs

  var template = Handlebars.template({"compiler":[6,">= 2.0.0-beta.1"],"main":function(depth0,helpers,partials,data) {
    return "I'm template c.\nHello "
    + this.escapeExpression(this.lambda(depth0, depth0))
    + "!";
},"useData":true});
  var templates = Handlebars.templates = Handlebars.templates || {};
  templates['c'] = template;
  var partials = Handlebars.partials = Handlebars.partials || {};
  partials['c'] = template;



})();